../Core/Src/main.c:95:6:Update_LCD_Display	40	static
../Core/Src/main.c:123:5:main	72	static
../Core/Src/main.c:480:6:SystemClock_Config	72	static
../Core/Src/main.c:519:13:MX_I2C1_Init	8	static
../Core/Src/main.c:553:13:MX_TIM2_Init	64	static
../Core/Src/main.c:616:13:MX_USART1_UART_Init	8	static
../Core/Src/main.c:649:13:MX_GPIO_Init	32	static
../Core/Src/main.c:707:6:HAL_UART_RxCpltCallback	16	static
../Core/Src/main.c:743:6:HAL_UART_ErrorCallback	24	static
../Core/Src/main.c:757:6:Error_Handler	4	static,ignoring_inline_asm
